../Drivers/STM32WBxx_HAL_Driver/Inc/stm32wbxx_ll_bus.h:364:22:LL_AHB1_GRP1_EnableClock	24	static
../Drivers/STM32WBxx_HAL_Driver/Inc/stm32wbxx_ll_bus.h:539:22:LL_AHB2_GRP1_EnableClock	24	static
../Core/Src/main.c:83:5:main	8	static
../Core/Src/main.c:150:6:SystemClock_Config	112	static
../Core/Src/main.c:199:6:PeriphCommonClock_Config	88	static
../Core/Src/main.c:224:13:MX_I2C1_Init	8	static
../Core/Src/main.c:272:13:MX_IPCC_Init	8	static
../Core/Src/main.c:298:13:MX_RF_Init	4	static
../Core/Src/main.c:319:13:MX_RTC_Init	8	static
../Core/Src/main.c:355:13:MX_TIM17_Init	88	static
../Core/Src/main.c:418:6:MX_USART1_UART_Init	8	static
../Core/Src/main.c:464:13:MX_DMA_Init	8	static
../Core/Src/main.c:483:13:MX_GPIO_Init	32	static
../Core/Src/main.c:518:6:Error_Handler	4	static,ignoring_inline_asm
