../Drivers/STM32WBxx_HAL_Driver/Inc/stm32wbxx_ll_bus.h:364:22:LL_AHB1_GRP1_EnableClock	24	static
../Drivers/STM32WBxx_HAL_Driver/Inc/stm32wbxx_ll_bus.h:539:22:LL_AHB2_GRP1_EnableClock	24	static
../Core/Src/main.c:83:5:main	8	static
../Core/Src/main.c:146:6:SystemClock_Config	112	static
../Core/Src/main.c:195:6:PeriphCommonClock_Config	88	static
../Core/Src/main.c:220:13:MX_I2C1_Init	8	static
../Core/Src/main.c:268:13:MX_IPCC_Init	8	static
../Core/Src/main.c:294:13:MX_RF_Init	4	static
../Core/Src/main.c:315:13:MX_RTC_Init	8	static
../Core/Src/main.c:351:13:MX_TIM17_Init	88	static
../Core/Src/main.c:414:6:MX_USART1_UART_Init	8	static
../Core/Src/main.c:460:13:MX_DMA_Init	8	static
../Core/Src/main.c:479:13:MX_GPIO_Init	32	static
../Core/Src/main.c:514:6:Error_Handler	4	static,ignoring_inline_asm
