../STM32_WPAN/App/app_zigbee.c:162:28:onOff_server_1_off	24	static
../STM32_WPAN/App/app_zigbee.c:172:28:onOff_server_1_on	24	static
../STM32_WPAN/App/app_zigbee.c:182:28:onOff_server_1_toggle	24	static
../STM32_WPAN/App/app_zigbee.c:194:6:APP_ZIGBEE_Init	16	static
../STM32_WPAN/App/app_zigbee.c:240:13:APP_ZIGBEE_StackLayersInit	16	static
../STM32_WPAN/App/app_zigbee.c:285:13:APP_ZIGBEE_ConfigEndpoints	40	static
../STM32_WPAN/App/app_zigbee.c:313:13:APP_ZIGBEE_NwkForm	496	static
../STM32_WPAN/App/app_zigbee.c:387:13:ZbStartupWaitCb	24	static
../STM32_WPAN/App/app_zigbee.c:396:20:ZbStartupWait	24	static
../STM32_WPAN/App/app_zigbee.c:428:6:APP_ZIGBEE_Error	16	static
../STM32_WPAN/App/app_zigbee.c:451:13:APP_ZIGBEE_TraceError	24	static
../STM32_WPAN/App/app_zigbee.c:465:13:APP_ZIGBEE_CheckWirelessFirmwareInfo	104	static
../STM32_WPAN/App/app_zigbee.c:538:6:APP_ZIGBEE_RegisterCmdBuffer	16	static
../STM32_WPAN/App/app_zigbee.c:543:24:ZIGBEE_Get_OTCmdPayloadBuffer	4	static
../STM32_WPAN/App/app_zigbee.c:548:24:ZIGBEE_Get_OTCmdRspPayloadBuffer	4	static
../STM32_WPAN/App/app_zigbee.c:553:24:ZIGBEE_Get_NotificationPayloadBuffer	4	static
../STM32_WPAN/App/app_zigbee.c:558:24:ZIGBEE_Get_M0RequestPayloadBuffer	4	static
../STM32_WPAN/App/app_zigbee.c:569:6:ZIGBEE_CmdTransfer	16	static
../STM32_WPAN/App/app_zigbee.c:591:6:ZIGBEE_CmdTransferWithNotif	8	static
../STM32_WPAN/App/app_zigbee.c:604:6:TL_ZIGBEE_CmdEvtReceived	16	static
../STM32_WPAN/App/app_zigbee.c:618:6:TL_ZIGBEE_NotReceived	16	static
../STM32_WPAN/App/app_zigbee.c:633:6:Pre_ZigbeeCmdProcessing	8	static
../STM32_WPAN/App/app_zigbee.c:644:13:Wait_Getting_Ack_From_M0	8	static
../STM32_WPAN/App/app_zigbee.c:656:13:Receive_Ack_From_M0	8	static
../STM32_WPAN/App/app_zigbee.c:667:13:Receive_Notification_From_M0	8	static
../STM32_WPAN/App/app_zigbee.c:679:6:TL_ZIGBEE_M0RequestReceived	16	static
../STM32_WPAN/App/app_zigbee.c:692:6:APP_ZIGBEE_TL_INIT	8	static
../STM32_WPAN/App/app_zigbee.c:705:13:APP_ZIGBEE_ProcessNotifyM0ToM4	8	static
../STM32_WPAN/App/app_zigbee.c:720:13:APP_ZIGBEE_ProcessRequestM0ToM4	8	static
../STM32_WPAN/App/app_zigbee.c:736:13:APP_ZIGBEE_persist_notify_cb	16	static
../STM32_WPAN/App/app_zigbee.c:749:27:APP_ZIGBEE_ZbStartupPersist	40	static
../STM32_WPAN/App/app_zigbee.c:796:13:APP_ZIGBEE_PersistCompleted_callback	16	static
../STM32_WPAN/App/app_zigbee.c:821:13:APP_ZIGBEE_persist_load	8	static
../STM32_WPAN/App/app_zigbee.c:843:13:APP_ZIGBEE_persist_save	24	static
../STM32_WPAN/App/app_zigbee.c:892:13:APP_ZIGBEE_persist_delete	8	static
../STM32_WPAN/App/app_zigbee.c:910:13:APP_ZIGBEE_NVM_Init	16	static
../STM32_WPAN/App/app_zigbee.c:931:13:APP_ZIGBEE_NVM_Read	24	static
../STM32_WPAN/App/app_zigbee.c:997:13:APP_ZIGBEE_NVM_Write	24	static
../STM32_WPAN/App/app_zigbee.c:1052:13:APP_ZIGBEE_NVM_Erase	8	static
