../STM32_WPAN/App/app_zigbee.c:130:28:onOff_server_1_off	24	static
../STM32_WPAN/App/app_zigbee.c:140:28:onOff_server_1_on	24	static
../STM32_WPAN/App/app_zigbee.c:150:28:onOff_server_1_toggle	24	static
../STM32_WPAN/App/app_zigbee.c:163:6:APP_ZIGBEE_Init	16	static
../STM32_WPAN/App/app_zigbee.c:204:13:APP_ZIGBEE_StackLayersInit	8	static
../STM32_WPAN/App/app_zigbee.c:234:13:APP_ZIGBEE_ConfigEndpoints	40	static
../STM32_WPAN/App/app_zigbee.c:262:13:APP_ZIGBEE_NwkForm	496	static
../STM32_WPAN/App/app_zigbee.c:333:13:ZbStartupWaitCb	24	static
../STM32_WPAN/App/app_zigbee.c:342:20:ZbStartupWait	24	static
../STM32_WPAN/App/app_zigbee.c:374:6:APP_ZIGBEE_Error	16	static
../STM32_WPAN/App/app_zigbee.c:397:13:APP_ZIGBEE_TraceError	24	static
../STM32_WPAN/App/app_zigbee.c:411:13:APP_ZIGBEE_CheckWirelessFirmwareInfo	104	static
../STM32_WPAN/App/app_zigbee.c:484:6:APP_ZIGBEE_RegisterCmdBuffer	16	static
../STM32_WPAN/App/app_zigbee.c:489:24:ZIGBEE_Get_OTCmdPayloadBuffer	4	static
../STM32_WPAN/App/app_zigbee.c:494:24:ZIGBEE_Get_OTCmdRspPayloadBuffer	4	static
../STM32_WPAN/App/app_zigbee.c:499:24:ZIGBEE_Get_NotificationPayloadBuffer	4	static
../STM32_WPAN/App/app_zigbee.c:504:24:ZIGBEE_Get_M0RequestPayloadBuffer	4	static
../STM32_WPAN/App/app_zigbee.c:515:6:ZIGBEE_CmdTransfer	16	static
../STM32_WPAN/App/app_zigbee.c:537:6:ZIGBEE_CmdTransferWithNotif	8	static
../STM32_WPAN/App/app_zigbee.c:550:6:TL_ZIGBEE_CmdEvtReceived	16	static
../STM32_WPAN/App/app_zigbee.c:564:6:TL_ZIGBEE_NotReceived	16	static
../STM32_WPAN/App/app_zigbee.c:579:6:Pre_ZigbeeCmdProcessing	8	static
../STM32_WPAN/App/app_zigbee.c:590:13:Wait_Getting_Ack_From_M0	8	static
../STM32_WPAN/App/app_zigbee.c:602:13:Receive_Ack_From_M0	8	static
../STM32_WPAN/App/app_zigbee.c:613:13:Receive_Notification_From_M0	8	static
../STM32_WPAN/App/app_zigbee.c:625:6:TL_ZIGBEE_M0RequestReceived	16	static
../STM32_WPAN/App/app_zigbee.c:638:6:APP_ZIGBEE_TL_INIT	8	static
../STM32_WPAN/App/app_zigbee.c:651:13:APP_ZIGBEE_ProcessNotifyM0ToM4	8	static
../STM32_WPAN/App/app_zigbee.c:666:13:APP_ZIGBEE_ProcessRequestM0ToM4	8	static
