../STM32_WPAN/App/app_zigbee.c:130:28:onOff_server_1_off	24	static
../STM32_WPAN/App/app_zigbee.c:140:28:onOff_server_1_on	24	static
../STM32_WPAN/App/app_zigbee.c:150:28:onOff_server_1_toggle	24	static
../STM32_WPAN/App/app_zigbee.c:162:6:APP_ZIGBEE_Init	16	static
../STM32_WPAN/App/app_zigbee.c:203:13:APP_ZIGBEE_StackLayersInit	8	static
../STM32_WPAN/App/app_zigbee.c:233:13:APP_ZIGBEE_ConfigEndpoints	40	static
../STM32_WPAN/App/app_zigbee.c:261:13:APP_ZIGBEE_NwkForm	496	static
../STM32_WPAN/App/app_zigbee.c:332:13:ZbStartupWaitCb	24	static
../STM32_WPAN/App/app_zigbee.c:341:20:ZbStartupWait	24	static
../STM32_WPAN/App/app_zigbee.c:373:6:APP_ZIGBEE_Error	16	static
../STM32_WPAN/App/app_zigbee.c:396:13:APP_ZIGBEE_TraceError	24	static
../STM32_WPAN/App/app_zigbee.c:410:13:APP_ZIGBEE_CheckWirelessFirmwareInfo	104	static
../STM32_WPAN/App/app_zigbee.c:483:6:APP_ZIGBEE_RegisterCmdBuffer	16	static
../STM32_WPAN/App/app_zigbee.c:488:24:ZIGBEE_Get_OTCmdPayloadBuffer	4	static
../STM32_WPAN/App/app_zigbee.c:493:24:ZIGBEE_Get_OTCmdRspPayloadBuffer	4	static
../STM32_WPAN/App/app_zigbee.c:498:24:ZIGBEE_Get_NotificationPayloadBuffer	4	static
../STM32_WPAN/App/app_zigbee.c:503:24:ZIGBEE_Get_M0RequestPayloadBuffer	4	static
../STM32_WPAN/App/app_zigbee.c:514:6:ZIGBEE_CmdTransfer	16	static
../STM32_WPAN/App/app_zigbee.c:536:6:ZIGBEE_CmdTransferWithNotif	8	static
../STM32_WPAN/App/app_zigbee.c:549:6:TL_ZIGBEE_CmdEvtReceived	16	static
../STM32_WPAN/App/app_zigbee.c:563:6:TL_ZIGBEE_NotReceived	16	static
../STM32_WPAN/App/app_zigbee.c:578:6:Pre_ZigbeeCmdProcessing	8	static
../STM32_WPAN/App/app_zigbee.c:589:13:Wait_Getting_Ack_From_M0	8	static
../STM32_WPAN/App/app_zigbee.c:601:13:Receive_Ack_From_M0	8	static
../STM32_WPAN/App/app_zigbee.c:612:13:Receive_Notification_From_M0	8	static
../STM32_WPAN/App/app_zigbee.c:624:6:TL_ZIGBEE_M0RequestReceived	16	static
../STM32_WPAN/App/app_zigbee.c:637:6:APP_ZIGBEE_TL_INIT	8	static
../STM32_WPAN/App/app_zigbee.c:650:13:APP_ZIGBEE_ProcessNotifyM0ToM4	8	static
../STM32_WPAN/App/app_zigbee.c:665:13:APP_ZIGBEE_ProcessRequestM0ToM4	8	static
