../Drivers/STM32WBxx_HAL_Driver/Inc/stm32wbxx_ll_pwr.h:1663:22:LL_C2_PWR_SetPowerMode	16	static
../Drivers/STM32WBxx_HAL_Driver/Inc/stm32wbxx_ll_exti.h:391:22:LL_EXTI_EnableIT_32_63	16	static
../Drivers/STM32WBxx_HAL_Driver/Inc/stm32wbxx_ll_exti.h:417:22:LL_C2_EXTI_EnableIT_32_63	16	static
../Drivers/STM32WBxx_HAL_Driver/Inc/stm32wbxx_ll_rcc.h:1359:22:LL_RCC_HSE_SetCapacitorTuning	16	static
../Drivers/STM32WBxx_HAL_Driver/Inc/stm32wbxx_ll_rcc.h:1510:22:LL_RCC_HSI_EnableAutoFromStop	4	static
../Drivers/STM32WBxx_HAL_Driver/Inc/stm32wbxx_ll_rcc.h:2349:22:LL_RCC_SetClkAfterWakeFromStop	16	static
../Drivers/STM32WBxx_HAL_Driver/Inc/stm32wbxx_ll_cortex.h:311:22:LL_LPM_EnableSleep	4	static
../Drivers/STM32WBxx_HAL_Driver/Inc/stm32wbxx_ll_rtc.h:1012:22:LL_RTC_EnableWriteProtection	16	static
../Drivers/STM32WBxx_HAL_Driver/Inc/stm32wbxx_ll_rtc.h:1023:22:LL_RTC_DisableWriteProtection	16	static
../Drivers/STM32WBxx_HAL_Driver/Inc/stm32wbxx_ll_rtc.h:2927:22:LL_RTC_WAKEUP_SetClock	16	static
../Core/Src/app_entry.c:108:6:MX_APPE_Config	8	static
../Core/Src/app_entry.c:128:6:MX_APPE_Init	8	static
../Core/Src/app_entry.c:156:6:Init_Smps	4	static
../Core/Src/app_entry.c:174:6:Init_Exti	8	static
../Core/Src/app_entry.c:191:13:Init_Debug	8	static
../Core/Src/app_entry.c:232:13:Reset_Device	4	static
../Core/Src/app_entry.c:301:13:Config_HSE	16	static
../Core/Src/app_entry.c:317:13:System_Init	8	static
../Core/Src/app_entry.c:328:13:Init_Rtc	8	static
../Core/Src/app_entry.c:349:13:SystemPower_Config	8	static
../Core/Src/app_entry.c:378:13:appe_Tl_Init	40	static
../Core/Src/app_entry.c:404:13:APPE_SysStatusNot	16	static
../Core/Src/app_entry.c:419:13:APPE_SysUserEvtRx	24	static
../Core/Src/app_entry.c:444:13:APPE_SysEvtError	16	static
../Core/Src/app_entry.c:458:13:APPE_SysEvtReadyProcessing	8	static
../Core/Src/app_entry.c:476:6:HAL_Delay	24	static,ignoring_inline_asm
../Core/Src/app_entry.c:505:6:MX_APPE_Process	8	static
../Core/Src/app_entry.c:516:6:UTIL_SEQ_Idle	4	static
../Core/Src/app_entry.c:530:6:UTIL_SEQ_EvtIdle	16	static
../Core/Src/app_entry.c:558:6:shci_notify_asynch_evt	16	static
../Core/Src/app_entry.c:565:6:shci_cmd_resp_release	16	static
../Core/Src/app_entry.c:572:6:shci_cmd_resp_wait	16	static
../Core/Src/app_entry.c:580:6:TL_TRACES_EvtReceived	16	static
../Core/Src/app_entry.c:597:6:DbgOutputInit	8	static
../Core/Src/app_entry.c:612:6:DbgOutputTraces	24	static
